// Jest Snapshot v1, https://goo.gl/fbAQLP

exports[`TitleBanner Component should render correctly 1`] = `
ShallowWrapper {
  Symbol(enzyme.__root__): [Circular],
  Symbol(enzyme.__unrendered__): <TitleBanner
    data={
      Object {
        "heading": "test",
        "image": "image",
      }
    }
  />,
  Symbol(enzyme.__renderer__): Object {
    "batchedUpdates": [Function],
    "checkPropTypes": [Function],
    "getNode": [Function],
    "render": [Function],
    "simulateError": [Function],
    "simulateEvent": [Function],
    "unmount": [Function],
  },
  Symbol(enzyme.__node__): Object {
    "instance": null,
    "key": undefined,
    "nodeType": "function",
    "props": Object {
      "children": Array [
        <ForwardRef
          image="image"
        />,
        <ForwardRef>
          test
        </ForwardRef>,
      ],
    },
    "ref": null,
    "rendered": Array [
      Object {
        "instance": null,
        "key": undefined,
        "nodeType": "function",
        "props": Object {
          "image": "image",
        },
        "ref": null,
        "rendered": null,
        "type": Object {
          "$$typeof": Symbol(react.forward_ref),
          "attrs": Array [],
          "componentStyle": ComponentStyle {
            "componentId": "sc-bwzfXH",
            "isStatic": false,
            "rules": Array [
              "
    background-image: url('",
              [Function],
              "');
    height: 100%;
    width: 20%;
    background-size: contain;
    background-position: center;
    background-repeat: no-repeat;
",
            ],
          },
          "displayName": "styled.span",
          "foldedComponentIds": Array [],
          "render": [Function],
          "styledComponentId": "sc-bwzfXH",
          "target": "span",
          "toString": [Function],
          "warnTooManyClasses": [Function],
          "withComponent": [Function],
        },
      },
      Object {
        "instance": null,
        "key": undefined,
        "nodeType": "function",
        "props": Object {
          "children": "test",
        },
        "ref": null,
        "rendered": "test",
        "type": Object {
          "$$typeof": Symbol(react.forward_ref),
          "attrs": Array [],
          "componentStyle": ComponentStyle {
            "componentId": "sc-htpNat",
            "isStatic": true,
            "rules": Array [
              "
    color: ",
              "#ffffff",
              ";
    font-size: 5.2vw;
    width: 80%;
    padding-left: 2%;

    @media (min-width: 768px) {
        font-size: 3.2vw;
    }
",
            ],
          },
          "displayName": "styled.h2",
          "foldedComponentIds": Array [],
          "render": [Function],
          "styledComponentId": "sc-htpNat",
          "target": "h2",
          "toString": [Function],
          "warnTooManyClasses": [Function],
          "withComponent": [Function],
        },
      },
    ],
    "type": Object {
      "$$typeof": Symbol(react.forward_ref),
      "attrs": Array [],
      "componentStyle": ComponentStyle {
        "componentId": "sc-bdVaJa",
        "isStatic": true,
        "rules": Array [
          "
    display: flex;
    align-items: center;
    width: 100%
    height: 20%;
    background: ",
          "#000000ba",
          ";
    padding: 2% 1%;
",
        ],
      },
      "displayName": "styled.div",
      "foldedComponentIds": Array [],
      "render": [Function],
      "styledComponentId": "sc-bdVaJa",
      "target": "div",
      "toString": [Function],
      "warnTooManyClasses": [Function],
      "withComponent": [Function],
    },
  },
  Symbol(enzyme.__nodes__): Array [
    Object {
      "instance": null,
      "key": undefined,
      "nodeType": "function",
      "props": Object {
        "children": Array [
          <ForwardRef
            image="image"
          />,
          <ForwardRef>
            test
          </ForwardRef>,
        ],
      },
      "ref": null,
      "rendered": Array [
        Object {
          "instance": null,
          "key": undefined,
          "nodeType": "function",
          "props": Object {
            "image": "image",
          },
          "ref": null,
          "rendered": null,
          "type": Object {
            "$$typeof": Symbol(react.forward_ref),
            "attrs": Array [],
            "componentStyle": ComponentStyle {
              "componentId": "sc-bwzfXH",
              "isStatic": false,
              "rules": Array [
                "
    background-image: url('",
                [Function],
                "');
    height: 100%;
    width: 20%;
    background-size: contain;
    background-position: center;
    background-repeat: no-repeat;
",
              ],
            },
            "displayName": "styled.span",
            "foldedComponentIds": Array [],
            "render": [Function],
            "styledComponentId": "sc-bwzfXH",
            "target": "span",
            "toString": [Function],
            "warnTooManyClasses": [Function],
            "withComponent": [Function],
          },
        },
        Object {
          "instance": null,
          "key": undefined,
          "nodeType": "function",
          "props": Object {
            "children": "test",
          },
          "ref": null,
          "rendered": "test",
          "type": Object {
            "$$typeof": Symbol(react.forward_ref),
            "attrs": Array [],
            "componentStyle": ComponentStyle {
              "componentId": "sc-htpNat",
              "isStatic": true,
              "rules": Array [
                "
    color: ",
                "#ffffff",
                ";
    font-size: 5.2vw;
    width: 80%;
    padding-left: 2%;

    @media (min-width: 768px) {
        font-size: 3.2vw;
    }
",
              ],
            },
            "displayName": "styled.h2",
            "foldedComponentIds": Array [],
            "render": [Function],
            "styledComponentId": "sc-htpNat",
            "target": "h2",
            "toString": [Function],
            "warnTooManyClasses": [Function],
            "withComponent": [Function],
          },
        },
      ],
      "type": Object {
        "$$typeof": Symbol(react.forward_ref),
        "attrs": Array [],
        "componentStyle": ComponentStyle {
          "componentId": "sc-bdVaJa",
          "isStatic": true,
          "rules": Array [
            "
    display: flex;
    align-items: center;
    width: 100%
    height: 20%;
    background: ",
            "#000000ba",
            ";
    padding: 2% 1%;
",
          ],
        },
        "displayName": "styled.div",
        "foldedComponentIds": Array [],
        "render": [Function],
        "styledComponentId": "sc-bdVaJa",
        "target": "div",
        "toString": [Function],
        "warnTooManyClasses": [Function],
        "withComponent": [Function],
      },
    },
  ],
  Symbol(enzyme.__options__): Object {
    "adapter": ReactSixteenAdapter {
      "options": Object {
        "enableComponentDidUpdateOnSetState": true,
        "legacyContextMode": "parent",
        "lifecycles": Object {
          "componentDidUpdate": Object {
            "onSetState": true,
          },
          "getChildContext": Object {
            "calledByRenderer": false,
          },
          "getDerivedStateFromProps": Object {
            "hasShouldComponentUpdateBug": false,
          },
          "getSnapshotBeforeUpdate": true,
          "setState": Object {
            "skipsComponentDidUpdateOnNullish": true,
          },
        },
      },
    },
  },
  Symbol(enzyme.__childContext__): null,
}
`;
